// Jest Snapshot v1, https://goo.gl/fbAQLP

exports[`getCompletionsAtPosition should report suggestions in a vue file 1`] = `
Array [
  Array [
    "foo",
  ],
]
`;
